// Jest Snapshot v1, https://goo.gl/fbAQLP

exports[`render renders the <Ol> component 1`] = `"<!DOCTYPE htmlPUBLIC \\"-//W3C//DTD XHTML 1.0 Transitional//EN\\" \\"http://www.w3.org/TR/xhtml1/DTD/xhtml1-transitional.dtd\\"><ol><li>foo</li><li>bar</li></ol>"`;
