// Jest Snapshot v1, https://goo.gl/fbAQLP

exports[`render renders the <Code> component 1`] = `"<!DOCTYPE htmlPUBLIC \\"-//W3C//DTD XHTML 1.0 Transitional//EN\\" \\"http://www.w3.org/TR/xhtml1/DTD/xhtml1-transitional.dtd\\"><code style=\\"max-width:300px\\">const foo = &#x27;bar&#x27;;</code>"`;
