// Jest Snapshot v1, https://goo.gl/fbAQLP

exports[`render renders the <Font> component 1`] = `
"<!DOCTYPE html PUBLIC \\"-//W3C//DTD XHTML 1.0 Transitional//EN\\" \\"http://www.w3.org/TR/xhtml1/DTD/xhtml1-transitional.dtd\\"><style>
    @font-face {
      font-family: &#x27;Roboto&#x27;;
      font-style: normal;
      font-weight: 400;
      mso-font-alt: &#x27;Verdana&#x27;;
      
    }

    * {
      font-family: &#x27;Roboto&#x27;, Verdana;
    }
  </style>"
`;
