// Jest Snapshot v1, https://goo.gl/fbAQLP

exports[`render renders children components 1`] = `"<!DOCTYPE html PUBLIC \\"-//W3C//DTD XHTML 1.0 Transitional//EN\\" \\"http://www.w3.org/TR/xhtml1/DTD/xhtml1-transitional.dtd\\"><head><meta http-equiv=\\"Content-Type\\" content=\\"text/html charset=UTF-8\\"/><title>My email title</title></head>"`;

exports[`render renders the <Head> component 1`] = `"<!DOCTYPE html PUBLIC \\"-//W3C//DTD XHTML 1.0 Transitional//EN\\" \\"http://www.w3.org/TR/xhtml1/DTD/xhtml1-transitional.dtd\\"><head><meta http-equiv=\\"Content-Type\\" content=\\"text/html charset=UTF-8\\"/></head>"`;
