// Jest Snapshot v1, https://goo.gl/fbAQLP

exports[`render renders the <Container> component 1`] = `
"<!DOCTYPE htmlPUBLIC \\"-//W3C//DTD XHTML 1.0 Transitional//EN\\" \\"http://www.w3.org/TR/xhtml1/DTD/xhtml1-transitional.dtd\\"><div><!--[if mso | IE]>
            <table role=\\"presentation\\" width=\\"100%\\" align=\\"center\\" style=\\"max-width:300px;\\"><tr><td></td><td style=\\"width:37.5em;background:#ffffff\\">
          <![endif]--></div><div style=\\"max-width:300px\\"><button>Hi</button></div><div><!--[if mso | IE]>
          </td><td></td></tr></table>
          <![endif]--></div>"
`;
