// Jest Snapshot v1, https://goo.gl/fbAQLP

exports[`render renders the <Column> component 1`] = `"<!DOCTYPE htmlPUBLIC \\"-//W3C//DTD XHTML 1.0 Transitional//EN\\" \\"http://www.w3.org/TR/xhtml1/DTD/xhtml1-transitional.dtd\\"><td style=\\"width:100%;display:flex;justify-content:center;align-items:center\\" role=\\"presentation\\">Lorem ipsum</td>"`;
