// Jest Snapshot v1, https://goo.gl/fbAQLP

exports[`render converts a React component into HTML 1`] = `"<!DOCTYPE html PUBLIC \\"-//W3C//DTD XHTML 1.0 Transitional//EN\\" \\"http://www.w3.org/TR/xhtml1/DTD/xhtml1-transitional.dtd\\"><h1>Welcome, Jim!</h1><p>Thanks for trying our product. We&#x27;re thrilled to have you on board!</p>"`;
