// Jest Snapshot v1, https://goo.gl/fbAQLP

exports[`render renders the <Button> component 1`] = `"<!DOCTYPE htmlPUBLIC \\"-//W3C//DTD XHTML 1.0 Transitional//EN\\" \\"http://www.w3.org/TR/xhtml1/DTD/xhtml1-transitional.dtd\\"><a href=\\"https://example.com\\" target=\\"_blank\\" style=\\"p-x:20px;p-y:12px;line-height:100%;text-decoration:none;display:inline-block;max-width:100%;padding:12px 20px\\"><span><!--[if mso]><i style=\\"letter-spacing: 20px;mso-font-width:-100%;mso-text-raise:18\\" hidden>&nbsp;</i><![endif]--></span><span style=\\"p-x:20px;p-y:12px;max-width:100%;display:inline-block;line-height:120%;text-decoration:none;text-transform:none;mso-padding-alt:0px;mso-text-raise:9px\\"></span><span><!--[if mso]><i style=\\"letter-spacing: 20px;mso-font-width:-100%\\" hidden>&nbsp;</i><![endif]--></span></a>"`;
