// Jest Snapshot v1, https://goo.gl/fbAQLP

exports[`render renders the <Button> component 1`] = `"<!DOCTYPE htmlPUBLIC \\"-//W3C//DTD XHTML 1.0 Transitional//EN\\" \\"http://www.w3.org/TR/xhtml1/DTD/xhtml1-transitional.dtd\\"><a target=\\"_blank\\" href=\\"https://example.com\\"><!--[if mso]><i style=\\"letter-spacing: 25px;mso-font-width:-100%;mso-text-raise:30pt\\" hidden>&nbsp;</i><![endif]--><span>undefined</span><!--[if mso]><i style=\\"letter-spacing: 25px;mso-font-width:-100%\\" hidden>&nbsp;</i><![endif]--></a>"`;
