// Jest Snapshot v1, https://goo.gl/fbAQLP

exports[`render renders the <Section> component 1`] = `"<!DOCTYPE htmlPUBLIC \\"-//W3C//DTD XHTML 1.0 Transitional//EN\\" \\"http://www.w3.org/TR/xhtml1/DTD/xhtml1-transitional.dtd\\"><table style=\\"width:100%\\" align=\\"center\\" border=\\"0\\" cellPadding=\\"0\\" cellSpacing=\\"0\\" role=\\"presentation\\"><tbody><tr style=\\"display:grid;grid-auto-columns:minmax(0, 1fr);grid-auto-flow:column\\">Lorem ipsum</tr></tbody></table>"`;
