// Jest Snapshot v1, https://goo.gl/fbAQLP

exports[`render renders the <Link> component 1`] = `"<!DOCTYPE htmlPUBLIC \\"-//W3C//DTD XHTML 1.0 Transitional//EN\\" \\"http://www.w3.org/TR/xhtml1/DTD/xhtml1-transitional.dtd\\"><a target=\\"_blank\\" style=\\"color:#067df7;text-decoration:none\\" href=\\"https://example.com\\">Example</a>"`;
